// Jest Snapshot v1, https://goo.gl/fbAQLP

exports[`CommentList should match snapshot 1`] = `ReactWrapper {}`;
