// Jest Snapshot v1, https://goo.gl/fbAQLP

exports[`Favorites List should match snapshot 1`] = `ReactWrapper {}`;
