// Jest Snapshot v1, https://goo.gl/fbAQLP

exports[`CommentCard should match snapshot 1`] = `ReactWrapper {}`;
