// Jest Snapshot v1, https://goo.gl/fbAQLP

exports[`EditModal should match snapshot 1`] = `ReactWrapper {}`;
