// Jest Snapshot v1, https://goo.gl/fbAQLP

exports[`FavoriteButton should match snapshot 1`] = `ReactWrapper {}`;
