// Jest Snapshot v1, https://goo.gl/fbAQLP

exports[`DeleteModal should match snapshot 1`] = `ReactWrapper {}`;
