// Jest Snapshot v1, https://goo.gl/fbAQLP

exports[`UserCard should match snapshot 1`] = `ShallowWrapper {}`;
