// Jest Snapshot v1, https://goo.gl/fbAQLP

exports[`BlogList should match snapshot 1`] = `ReactWrapper {}`;
